// Jest Snapshot v1, https://goo.gl/fbAQLP

exports[`<App /> did not change UI compared to recorded snapshot 1`] = `
<HotKeys
  className="App"
  handlers={
    Object {
      "dayMinus": [Function],
      "dayPlus": [Function],
    }
  }
  keyMap={
    Object {
      "dayMinus": Array [
        "down",
        "left",
      ],
      "dayPlus": Array [
        "up",
        "right",
      ],
    }
  }
  style={Object {}}
>
  <div
    className="App-Title"
  >
    <div
      className="Title"
      style={Object {}}
    >
      <h2>
        Our daily bread
      </h2>
    </div>
  </div>
  <div
    className="App-Main"
  >
    <div
      className="ImageView"
      style={Object {}}
    >
      <img
        alt="Daily Bread"
        src="https://logos.com/media/VerseOfTheDay/768x432/2017-08-01.png"
      />
    </div>
  </div>
  <div
    className="App-DatePicker"
  >
    <div
      className="DateNavigator"
      style={Object {}}
    >
      <button
        className="NavButton fa fa-chevron-left"
        onClick={[Function]}
        style={Object {}}
      />
      <div
        className="DatePicker"
        style={Object {}}
      >
        <div
          className="NumberChooser-col"
          name="NumberChooser_year"
          style={Object {}}
        >
          <button
            className="NavButton fa fa-arrow-up"
            onClick={[Function]}
            style={Object {}}
          />
          <div
            className="NumberChooser-caption"
          >
            year
          </div>
          <input
            className="NumberChooser-input"
            name="year"
            onBlur={[Function]}
            onChange={[Function]}
            type="number"
            value={2017}
          />
          <button
            className="NavButton fa fa-arrow-down"
            onClick={[Function]}
            style={Object {}}
          />
        </div>
        <div
          className="NumberChooser-col"
          name="NumberChooser_month"
          style={Object {}}
        >
          <button
            className="NavButton fa fa-arrow-up"
            onClick={[Function]}
            style={Object {}}
          />
          <div
            className="NumberChooser-caption"
          >
            month
          </div>
          <input
            className="NumberChooser-input"
            name="month"
            onBlur={[Function]}
            onChange={[Function]}
            type="number"
            value={8}
          />
          <button
            className="NavButton fa fa-arrow-down"
            onClick={[Function]}
            style={Object {}}
          />
        </div>
        <div
          className="NumberChooser-col"
          name="NumberChooser_day"
          style={Object {}}
        >
          <button
            className="NavButton fa fa-arrow-up"
            onClick={[Function]}
            style={Object {}}
          />
          <div
            className="NumberChooser-caption"
          >
            day
          </div>
          <input
            className="NumberChooser-input"
            name="day"
            onBlur={[Function]}
            onChange={[Function]}
            type="number"
            value={1}
          />
          <button
            className="NavButton fa fa-arrow-down"
            onClick={[Function]}
            style={Object {}}
          />
        </div>
      </div>
      <button
        className="NavButton fa fa-chevron-right"
        onClick={[Function]}
        style={Object {}}
      />
    </div>
  </div>
</HotKeys>
`;
